#-----------------------------------------------------------
# Vivado v2022.2 (64-bit)
# SW Build 3671981 on Fri Oct 14 05:00:03 MDT 2022
# IP Build 3669848 on Fri Oct 14 08:30:02 MDT 2022
# Start of session at: Mon Apr 17 08:39:56 2023
# Process ID: 50084
# Current directory: D:/Sundries/GithubProject/POD-DANC/vivado/test_bram/test_bram.runs/main_bd_axi_bram_ctrl_0_0_synth_1
# Command line: vivado.exe -log main_bd_axi_bram_ctrl_0_0.vds -product Vivado -mode batch -messageDb vivado.pb -notrace -source main_bd_axi_bram_ctrl_0_0.tcl
# Log file: D:/Sundries/GithubProject/POD-DANC/vivado/test_bram/test_bram.runs/main_bd_axi_bram_ctrl_0_0_synth_1/main_bd_axi_bram_ctrl_0_0.vds
# Journal file: D:/Sundries/GithubProject/POD-DANC/vivado/test_bram/test_bram.runs/main_bd_axi_bram_ctrl_0_0_synth_1\vivado.jou
# Running On: DESKTOP-0HSVFGJ, OS: Windows, CPU Frequency: 3800 MHz, CPU Physical cores: 16, Host memory: 34299 MB
#-----------------------------------------------------------
source main_bd_axi_bram_ctrl_0_0.tcl -notrace
